== Sistema operativo y arquitectura ==
Linux
x86_64
Entorno: Ubuntu en WSL 2
PRETTY_NAME="Ubuntu 24.04.5 LTS"

== Shell por defecto ==
/bin/bash

== Espacio libre en disco (unidad del repositorio) ==
Filesystem      Size  Used Avail Use% Mounted on
/dev/sdf       1007G  3.6G  953G   1% /

== Memoria disponible para Linux y Docker ==
               total        used        free      shared  buff/cache   available
Mem:           3.8Gi       816Mi       2.9Gi        49Mi       363Mi       3.0Gi
Swap:          1.0Gi          0B       1.0Gi

== Herramientas de trabajo (Parte 0) ==
OK     git
OK     gh
OK     curl
OK     wget
OK     unzip
OK     jq
OK     tree
OK     htop
OK     tmux
OK     shellcheck

== Git ==
git version 2.43.0
cbelando@alu.ucam.edu
